// Jest Snapshot v1, https://goo.gl/fbAQLP

exports[`PokemonOptions Component debe de hacer match con el snapshot 1`] = `
<div class="options-container">
  <ul>
    <li><button>bulbasaur</button></li>
    <li><button>ivysaur</button></li>
    <li><button>venusaur</button></li>
    <li><button>charmander</button></li>
  </ul>
</div>
`;
